mke2fs 1.45.5 (07-Jan-2020)
Discarding device blocks: done
Creating filesystem with 393216 4k blocks and 98304 inodes
Filesystem UUID: 56fe37f2-ee66-4e51-87e7-ed22f226ca7c
Superblock backups stored on blocks:
        32768, 98304, 163840, 229376, 294912

Allocating group tables: done
Writing inode tables: done
Creating journal (8192 blocks): done
Writing superblocks and filesystem accounting information: done

path
/tmp/oci-image-executor-root-fs-mount-554826927 /tmp/oci-image-executor-root-fs-250009744
hello world, image-config.json image.tar /tmp/oci-image-executor-root-fs-250009744
INFO[0000] Called startVMM(), setting up a VMM on /tmp/firecracker.socket
INFO[0000] VMM metrics disabled.
INFO[0000] refreshMachineConfiguration: [GET /machine-config][200] getMachineConfigurationOK  &{CPUTemplate: HtEnabled:0xc0003588d4 MemSizeMib:0xc0003588c8 VcpuCount:0xc0003588c0}
INFO[0000] PutGuestBootSource: [PUT /boot-source][204] putGuestBootSourceNoContent
INFO[0000] Attaching drive /tmp/oci-image-executor-root-fs-250009744, slot rootfs, root true.
INFO[0000] Attached drive /tmp/oci-image-executor-root-fs-250009744: [PUT /drives/{drive_id}][204] putGuestDriveByIdNoContent
INFO[0000] startInstance successful: [PUT /actions][204] createSyncActionNoContent
[    0.000000] Linux version 4.14.174 (@57edebb99db7) (gcc version 7.5.0 (Ubuntu 7.5.0-3ubuntu1~18.04)) #2 SMP Wed Jul 14 11:47:24 UTC 2021
[    0.000000] Command line: ro console=ttyS0 noapic reboot=k panic=1 pci=off init=/initgufran root=/dev/vda rw virtio_mmio.device=4K@0xd0000000:5
[    0.000000] x86/fpu: Supporting XSAVE feature 0x001: 'x87 floating point registers'
[    0.000000] x86/fpu: Supporting XSAVE feature 0x002: 'SSE registers'
[    0.000000] x86/fpu: Supporting XSAVE feature 0x004: 'AVX registers'
[    0.000000] x86/fpu: xstate_offset[2]:  576, xstate_sizes[2]:  256
[    0.000000] x86/fpu: Enabled xstate features 0x7, context size is 832 bytes, using 'standard' format.
[    0.000000] e820: BIOS-provided physical RAM map:
[    0.000000] BIOS-e820: [mem 0x0000000000000000-0x000000000009fbff] usable
[    0.000000] BIOS-e820: [mem 0x0000000000100000-0x000000003fffffff] usable
[    0.000000] NX (Execute Disable) protection: active
[    0.000000] DMI not present or invalid.
[    0.000000] Hypervisor detected: KVM
[    0.000000] tsc: Fast TSC calibration failed
[    0.000000] tsc: Unable to calibrate against PIT
[    0.000000] tsc: No reference (HPET/PMTIMER) available
[    0.000000] e820: last_pfn = 0x40000 max_arch_pfn = 0x400000000
[    0.000000] MTRR: Disabled
[    0.000000] x86/PAT: MTRRs disabled, skipping PAT initialization too.
[    0.000000] CPU MTRRs all blank - virtualized system.
[    0.000000] x86/PAT: Configuration [0-7]: WB  WT  UC- UC  WB  WT  UC- UC
[    0.000000] found SMP MP-table at [mem 0x0009fc00-0x0009fc0f]
[    0.000000] Scanning 1 areas for low memory corruption
[    0.000000] No NUMA configuration found
[    0.000000] Faking a node at [mem 0x0000000000000000-0x000000003fffffff]
[    0.000000] NODE_DATA(0) allocated [mem 0x3ffde000-0x3fffffff]
[    0.000000] kvm-clock: Using msrs 4b564d01 and 4b564d00
[    0.000000] kvm-clock: cpu 0, msr 0:3ffdc001, primary cpu clock
[    0.000000] clocksource: kvm-clock: mask: 0xffffffffffffffff max_cycles: 0x1cd42e4dffb, max_idle_ns: 881590591483 ns
[    0.000000] Zone ranges:
[    0.000000]   DMA      [mem 0x0000000000001000-0x0000000000ffffff]
[    0.000000]   DMA32    [mem 0x0000000001000000-0x000000003fffffff]
[    0.000000]   Normal   empty
[    0.000000] Movable zone start for each node
[    0.000000] Early memory node ranges
[    0.000000]   node   0: [mem 0x0000000000001000-0x000000000009efff]
[    0.000000]   node   0: [mem 0x0000000000100000-0x000000003fffffff]
[    0.000000] Initmem setup node 0 [mem 0x0000000000001000-0x000000003fffffff]
[    0.000000] Intel MultiProcessor Specification v1.4
[    0.000000] MPTABLE: OEM ID: FC
[    0.000000] MPTABLE: Product ID: 000000000000
[    0.000000] MPTABLE: APIC at: 0xFEE00000
[    0.000000] Processor #0 (Bootup-CPU)
[    0.000000] Processor #1
[    0.000000] IOAPIC[0]: apic_id 3, version 17, address 0xfec00000, GSI 0-23
[    0.000000] Processors: 2
[    0.000000] smpboot: Allowing 2 CPUs, 0 hotplug CPUs
[    0.000000] PM: Registered nosave memory: [mem 0x00000000-0x00000fff]
[    0.000000] PM: Registered nosave memory: [mem 0x0009f000-0x000fffff]
[    0.000000] e820: [mem 0x40000000-0xffffffff] available for PCI devices
[    0.000000] Booting paravirtualized kernel on KVM
[    0.000000] clocksource: refined-jiffies: mask: 0xffffffff max_cycles: 0xffffffff, max_idle_ns: 7645519600211568 ns
[    0.000000] random: get_random_bytes called from start_kernel+0x94/0x486 with crng_init=0
[    0.000000] setup_percpu: NR_CPUS:128 nr_cpumask_bits:128 nr_cpu_ids:2 nr_node_ids:1
[    0.000000] percpu: Embedded 41 pages/cpu s128600 r8192 d31144 u1048576
[    0.000000] KVM setup async PF for cpu 0
[    0.000000] kvm-stealtime: cpu 0, msr 3fc15040
[    0.000000] PV qspinlock hash table entries: 256 (order: 0, 4096 bytes)
[    0.000000] Built 1 zonelists, mobility grouping on.  Total pages: 257929
[    0.000000] Policy zone: DMA32
[    0.000000] Kernel command line: ro console=ttyS0 noapic reboot=k panic=1 pci=off init=/initgufran root=/dev/vda rw virtio_mmio.device=4K@0xd0000000:5
[    0.000000] PID hash table entries: 4096 (order: 3, 32768 bytes)
[    0.000000] Memory: 1013988K/1048184K available (8204K kernel code, 645K rwdata, 1480K rodata, 1324K init, 2792K bss, 34196K reserved, 0K cma-reserved)
[    0.000000] SLUB: HWalign=64, Order=0-3, MinObjects=0, CPUs=2, Nodes=1
[    0.000000] Kernel/User page tables isolation: enabled
[    0.004000] Hierarchical RCU implementation.
[    0.004000]  RCU restricting CPUs from NR_CPUS=128 to nr_cpu_ids=2.
[    0.004000] RCU: Adjusting geometry for rcu_fanout_leaf=16, nr_cpu_ids=2
[    0.004000] NR_IRQS: 4352, nr_irqs: 56, preallocated irqs: 16
[    0.004000] Console: colour dummy device 80x25
[    0.004000] console [ttyS0] enabled
[    0.004000] tsc: Detected 2494.140 MHz processor
[    0.004000] Calibrating delay loop (skipped) preset value.. 4988.28 BogoMIPS (lpj=9976560)
[    0.008016] pid_max: default: 32768 minimum: 301
[    0.012098] Security Framework initialized
[    0.014774] SELinux:  Initializing.
[    0.029251] Dentry cache hash table entries: 131072 (order: 8, 1048576 bytes)
[    0.042143] Inode-cache hash table entries: 65536 (order: 7, 524288 bytes)
[    0.044411] Mount-cache hash table entries: 2048 (order: 2, 16384 bytes)
[    0.052458] Mountpoint-cache hash table entries: 2048 (order: 2, 16384 bytes)
[    0.061809] Last level iTLB entries: 4KB 0, 2MB 0, 4MB 0
[    0.064021] Last level dTLB entries: 4KB 0, 2MB 0, 4MB 0, 1GB 0
[    0.068032] Spectre V1 : Mitigation: usercopy/swapgs barriers and __user pointer sanitization
[    0.072019] Spectre V2 : Mitigation: Full generic retpoline
[    0.076014] Spectre V2 : Spectre v2 / SpectreRSB mitigation: Filling RSB on context switch
[    0.084012] Spectre V2 : Enabling Restricted Speculation for firmware calls
[    0.088031] Spectre V2 : mitigation: Enabling conditional Indirect Branch Prediction Barrier
[    0.096077] Speculative Store Bypass: Mitigation: Speculative Store Bypass disabled via prctl and seccomp
[    0.100094] MDS: Mitigation: Clear CPU buffers
[    0.114562] Freeing SMP alternatives memory: 28K
[    0.142343] smpboot: Max logical packages: 2
[    0.144073] Not enabling interrupt remapping due to skipped IO-APIC setup
[    0.152751] smpboot: CPU0: Intel(R) Xeon(R) Processor (family: 0x6, model: 0x3f, stepping: 0x2)
[    0.157796] Performance Events: unsupported p6 CPU model 63 no PMU driver, software events only.
[    0.161185] Hierarchical SRCU implementation.
[    0.167027] smp: Bringing up secondary CPUs ...
[    0.170007] x86: Booting SMP configuration:
[    0.172025] .... node  #0, CPUs:      #1
[    0.004000] kvm-clock: cpu 1, msr 0:3ffdc041, secondary cpu clock
[    0.188117] KVM setup async PF for cpu 1
[    0.190846] kvm-stealtime: cpu 1, msr 3fd15040
[    0.192033] smp: Brought up 1 node, 2 CPUs
[    0.196040] smpboot: Total of 2 processors activated (9976.56 BogoMIPS)
[    0.204036] devtmpfs: initialized
[    0.208699] x86/mm: Memory block size: 128MB
[    0.216251] clocksource: jiffies: mask: 0xffffffff max_cycles: 0xffffffff, max_idle_ns: 7645041785100000 ns
[    0.220043] futex hash table entries: 512 (order: 3, 32768 bytes)
[    0.229305] NET: Registered protocol family 16
[    0.235187] cpuidle: using governor ladder
[    0.236116] cpuidle: using governor menu
[    0.269339] HugeTLB registered 2.00 MiB page size, pre-allocated 0 pages
[    0.277730] SCSI subsystem initialized
[    0.280097] pps_core: LinuxPPS API ver. 1 registered
[    0.284030] pps_core: Software ver. 5.3.6 - Copyright 2005-2007 Rodolfo Giometti <giometti@linux.it>
[    0.288113] PTP clock support registered
[    0.292126] dmi: Firmware registration failed.
[    0.297226] NetLabel: Initializing
[    0.300020] NetLabel:  domain hash size = 128
[    0.304020] NetLabel:  protocols = UNLABELED CIPSOv4 CALIPSO
[    0.308365] NetLabel:  unlabeled traffic allowed by default
[    0.312400] clocksource: Switched to clocksource kvm-clock
[    0.323434] VFS: Disk quotas dquot_6.6.0
[    0.338852] VFS: Dquot-cache hash table entries: 512 (order 0, 4096 bytes)
[    0.387885] NET: Registered protocol family 2
[    0.394685] TCP established hash table entries: 8192 (order: 4, 65536 bytes)
[    0.410322] TCP bind hash table entries: 8192 (order: 5, 131072 bytes)
[    0.426567] TCP: Hash tables configured (established 8192 bind 8192)
[    0.440751] UDP hash table entries: 512 (order: 2, 16384 bytes)
[    0.450993] UDP-Lite hash table entries: 512 (order: 2, 16384 bytes)
[    0.471440] NET: Registered protocol family 1
[    0.481604] virtio-mmio: Registering device virtio-mmio.0 at 0xd0000000-0xd0000fff, IRQ 5.
[    0.490552] clocksource: tsc: mask: 0xffffffffffffffff max_cycles: 0x23f39a1d859, max_idle_ns: 440795326830 ns
[    0.503357] platform rtc_cmos: registered platform RTC device (no PNP device found)
[    0.516410] Scanning for low memory corruption every 60 seconds
[    0.535662] audit: initializing netlink subsys (disabled)
[    0.542271] Initialise system trusted keyrings
[    0.542351] audit: type=2000 audit(1638622085.717:1): state=initialized audit_enabled=0 res=1
[    0.551145] Key type blacklist registered
[    0.576646] workingset: timestamp_bits=36 max_order=18 bucket_order=0
[    0.598922] squashfs: version 4.0 (2009/01/31) Phillip Lougher
[    0.639672] Key type asymmetric registered
[    0.644397] Asymmetric key parser 'x509' registered
[    0.648060] Block layer SCSI generic (bsg) driver version 0.4 loaded (major 252)
[    0.653794] io scheduler noop registered (default)
[    0.658083] io scheduler cfq registered
[    0.662816] virtio-mmio virtio-mmio.0: Failed to enable 64-bit or 32-bit DMA.  Trying to continue, but this might not work.
[    0.673771] Serial: 8250/16550 driver, 1 ports, IRQ sharing disabled
[    0.711476] serial8250: ttyS0 at I/O 0x3f8 (irq = 4, base_baud = 115200) is a U6_16550A
[    0.739826] loop: module loaded
[    0.766021] Loading iSCSI transport class v2.0-870.
[    0.775053] iscsi: registered transport (tcp)
[    0.779466] tun: Universal TUN/TAP device driver, 1.6
[    0.819064] i8042: Failed to disable AUX port, but continuing anyway... Is this a SiS?
[    0.829672] i8042: If AUX port is really absent please use the 'i8042.noaux' option
[    1.088627] serio: i8042 KBD port at 0x60,0x64 irq 1
[    1.092283] hidraw: raw HID events driver (C) Jiri Kosina
[    1.097253] nf_conntrack version 0.5.0 (8192 buckets, 32768 max)
[    1.102918] ip_tables: (C) 2000-2006 Netfilter Core Team
[    1.109357] Initializing XFRM netlink socket
[    1.113661] NET: Registered protocol family 10
[    1.122042] Segment Routing with IPv6
[    1.125468] NET: Registered protocol family 17
[    1.128814] Bridge firewalling registered
[    1.132355] NET: Registered protocol family 40
[    1.137376] registered taskstats version 1
[    1.140785] Loading compiled-in X.509 certificates
[    1.146205] Loaded X.509 cert 'Build time autogenerated kernel key: e98e9d271da5d0a322cc4d7bfaa8c2c4c3e46010'
[    1.155086] Key type encrypted registered
[    1.630767] input: AT Raw Set 2 keyboard as /devices/platform/i8042/serio0/input/input0
[    1.645569] EXT4-fs (vda): mounted filesystem with ordered data mode. Opts: (null)
[    1.653473] VFS: Mounted root (ext4 filesystem) on device 254:0.
[    1.660927] devtmpfs: mounted
[    1.676946] Freeing unused kernel memory: 1324K
[    1.704387] Write protecting the kernel read-only data: 12288k
[    1.735514] Freeing unused kernel memory: 2016K
[    1.748182] Freeing unused kernel memory: 568K
[    1.751190] Kernel panic - not syncing: Requested init /initgufran failed (error -2).
[    1.752051] CPU: 1 PID: 1 Comm: swapper/0 Not tainted 4.14.174 #2
[    1.752051] Call Trace:
[    1.752051]  dump_stack+0x6d/0x99
[    1.752051]  ? rest_init+0xb0/0xb0
[    1.752051]  panic+0xdf/0x239
[    1.752051]  ? putname+0x47/0x50
[    1.752051]  ? rest_init+0xb0/0xb0
[    1.752051]  kernel_init+0x96/0x100
[    1.752051]  ret_from_fork+0x35/0x40
[    1.752051] Kernel Offset: disabled
[    1.752051] Rebooting in 1 seconds..
INFO[0004] firecracker exited: status=0
INFO[0004] Start machine was happy